// Jest Snapshot v1, https://goo.gl/fbAQLP

exports[`Matches the snapshot 1`] = `
Array [
  <div
    className="home__section"
  >
    <div
      className="container"
    >
      <div
        className="row home__home-row"
        style={
          Object {
            "display": "flex",
            "flexDirection": "row-reverse",
          }
        }
      >
        <div
          className="col"
        >
          <div
            className="home__text-wrapper"
          >
            <div
              className="top-line"
            >
              EASY SETUP
            </div>
            <h1
              className="heading dark"
            >
              Super fast and simple onboarding process
            </h1>
            <p
              className="home__subtitle dark"
            >
               
              Get everything set up and ready in under 10 minutes. All you need to do is add your information and you're ready to go.
               
            </p>
            <a
              href="/sign-up"
              onClick={[Function]}
            >
              <button
                className="btn 
			btn--primary
			btn--wide
			blue"
              >
                Start Now
              </button>
            </a>
          </div>
        </div>
        <div
          className="col"
        >
          <div
            className="home__img-wrapper"
          >
            <img
              alt="Vault"
              className="home__img"
              src="images/svg-7.svg"
            />
          </div>
        </div>
      </div>
    </div>
  </div>,
  <div
    className="home__section darkBg"
  >
    <div
      className="container"
    >
      <div
        className="row home__home-row"
        style={
          Object {
            "display": "flex",
            "flexDirection": "row",
          }
        }
      >
        <div
          className="col"
        >
          <div
            className="home__text-wrapper"
          >
            <div
              className="top-line"
            >
              100% SECURE
            </div>
            <h1
              className="heading"
            >
              Stay protected 24/7 anywhere anytime
            </h1>
            <p
              className="home__subtitle"
            >
               
              We have you covered no matter where you are located. Over 140 locations worldwide to ensure you have access anytime
               
            </p>
            <a
              href="/sign-up"
              onClick={[Function]}
            >
              <button
                className="btn 
			btn--primary
			btn--wide
			blue"
              >
                Learn More
              </button>
            </a>
          </div>
        </div>
        <div
          className="col"
        >
          <div
            className="home__img-wrapper"
          >
            <img
              alt="Vault"
              className="home__img"
              src="images/svg-5.svg"
            />
          </div>
        </div>
      </div>
    </div>
  </div>,
]
`;
