// Jest Snapshot v1, https://goo.gl/fbAQLP

exports[`Matches the snapshot 1`] = `
<button
  className="btn 
			btn--primary
			btn--medium
			"
>
   Test Button 
</button>
`;
